// Jest Snapshot v1, https://goo.gl/fbAQLP

exports[`Should render Expense List Item 1`] = `
<Link
  className="listItem"
  to="/edit/1"
>
  <div>
    <h3
      className="listItemTitle"
    >
      Gum Expense
    </h3>
    <span
      className="listItemSubtitle"
    >
      January 1st, 1970
    </span>
  </div>
  <h3
    className="listItemData"
  >
    $1.95
  </h3>
</Link>
`;
